\BOOKMARK [1][-]{section.1}{Test Relaci\363n 1}{}% 1
\BOOKMARK [1][-]{section.2}{Test Relaci\363n 2}{}% 2
\BOOKMARK [1][-]{section.3}{Test Relaci\363n 3}{}% 3
\BOOKMARK [1][-]{section.4}{Test Relaci\363n 4}{}% 4
\BOOKMARK [1][-]{section.5}{Test Relaci\363n 5}{}% 5
\BOOKMARK [1][-]{section.6}{Test Relaci\363n 6}{}% 6
\BOOKMARK [1][-]{section.7}{Ejemplos Pregunta Cortas}{}% 7
